// Jest Snapshot v1, https://goo.gl/fbAQLP

exports[`Test at <PrimeraApp component/> should show "<PrimeraApp/> correctly"  1`] = `
<Fragment>
  <h1>
    Hello I am Mario
  </h1>
  <p>
    I am a subtitle
  </p>
</Fragment>
`;
